$ playwright test

Running 156 tests using 1 worker

(node:55661) Warning: The 'NO_COLOR' env is ignored due to the 'FORCE_COLOR' env being set.
(Use `node --trace-warnings ...` to show where the warning was created)
  ✓    1 [desktop] › tests/part-i.browser.ts:8:3 › en/ch-01: complete static textbook and localized navigation (2.3s)
  ✓    2 [desktop] › tests/part-i.browser.ts:8:3 › en/ch-02: complete static textbook and localized navigation (1.6s)
  ✓    3 [desktop] › tests/part-i.browser.ts:8:3 › en/ch-03: complete static textbook and localized navigation (1.7s)
  ✓    4 [desktop] › tests/part-i.browser.ts:8:3 › en/ch-04: complete static textbook and localized navigation (1.6s)
  ✓    5 [desktop] › tests/part-i.browser.ts:8:3 › zh-hans/ch-01: complete static textbook and localized navigation (1.5s)
  ✓    6 [desktop] › tests/part-i.browser.ts:8:3 › zh-hans/ch-02: complete static textbook and localized navigation (1.5s)
  ✓    7 [desktop] › tests/part-i.browser.ts:8:3 › zh-hans/ch-03: complete static textbook and localized navigation (1.6s)
  ✓    8 [desktop] › tests/part-i.browser.ts:8:3 › zh-hans/ch-04: complete static textbook and localized navigation (1.6s)
  ✓    9 [desktop] › tests/part-i.browser.ts:79:40 › en: every chapter and solution is available without JavaScript (825ms)
  ✓   10 [desktop] › tests/part-i.browser.ts:79:40 › zh-hans: every chapter and solution is available without JavaScript (771ms)
  ✓   11 [desktop] › tests/part-ii.browser.ts:10:3 › en/ch-05: Part II static evidence, navigation and responsive figures (2.2s)
  ✓   12 [desktop] › tests/part-ii.browser.ts:10:3 › en/ch-06: Part II static evidence, navigation and responsive figures (2.2s)
  ✓   13 [desktop] › tests/part-ii.browser.ts:10:3 › en/ch-07: Part II static evidence, navigation and responsive figures (2.6s)
  ✓   14 [desktop] › tests/part-ii.browser.ts:10:3 › en/ch-08: Part II static evidence, navigation and responsive figures (1.8s)
  ✓   15 [desktop] › tests/part-ii.browser.ts:10:3 › en/ch-09: Part II static evidence, navigation and responsive figures (2.1s)
  ✓   16 [desktop] › tests/part-ii.browser.ts:10:3 › en/ch-10: Part II static evidence, navigation and responsive figures (2.5s)
  ✓   17 [desktop] › tests/part-ii.browser.ts:10:3 › en/primer-py: Part II static evidence, navigation and responsive figures (1.5s)
  ✓   18 [desktop] › tests/part-ii.browser.ts:10:3 › zh-hans/ch-05: Part II static evidence, navigation and responsive figures (2.2s)
  ✓   19 [desktop] › tests/part-ii.browser.ts:10:3 › zh-hans/ch-06: Part II static evidence, navigation and responsive figures (2.2s)
  ✓   20 [desktop] › tests/part-ii.browser.ts:10:3 › zh-hans/ch-07: Part II static evidence, navigation and responsive figures (2.5s)
  ✓   21 [desktop] › tests/part-ii.browser.ts:10:3 › zh-hans/ch-08: Part II static evidence, navigation and responsive figures (1.8s)
  ✓   22 [desktop] › tests/part-ii.browser.ts:10:3 › zh-hans/ch-09: Part II static evidence, navigation and responsive figures (2.1s)
  ✓   23 [desktop] › tests/part-ii.browser.ts:10:3 › zh-hans/ch-10: Part II static evidence, navigation and responsive figures (2.5s)
  ✓   24 [desktop] › tests/part-ii.browser.ts:10:3 › zh-hans/primer-py: Part II static evidence, navigation and responsive figures (1.4s)
  ✓   25 [desktop] › tests/part-ii.browser.ts:83:41 › en: Part II and primer remain complete with JavaScript disabled (2.2s)
  ✓   26 [desktop] › tests/part-ii.browser.ts:83:41 › zh-hans: Part II and primer remain complete with JavaScript disabled (2.2s)
  ✓   27 [desktop] › tests/part-iii.browser.ts:12:3 › en/ch-11: Part III numerical evidence and readable static figures (2.3s)
  ✓   28 [desktop] › tests/part-iii.browser.ts:12:3 › en/ch-12: Part III numerical evidence and readable static figures (2.9s)
  ✓   29 [desktop] › tests/part-iii.browser.ts:12:3 › en/ch-13: Part III numerical evidence and readable static figures (2.3s)
  ✓   30 [desktop] › tests/part-iii.browser.ts:12:3 › en/ch-14: Part III numerical evidence and readable static figures (2.7s)
  ✓   31 [desktop] › tests/part-iii.browser.ts:12:3 › zh-hans/ch-11: Part III numerical evidence and readable static figures (2.2s)
  ✓   32 [desktop] › tests/part-iii.browser.ts:12:3 › zh-hans/ch-12: Part III numerical evidence and readable static figures (2.9s)
  ✓   33 [desktop] › tests/part-iii.browser.ts:12:3 › zh-hans/ch-13: Part III numerical evidence and readable static figures (2.3s)
  ✓   34 [desktop] › tests/part-iii.browser.ts:12:3 › zh-hans/ch-14: Part III numerical evidence and readable static figures (2.7s)
  ✓   35 [desktop] › tests/part-iii.browser.ts:94:31 › en: all Part III evidence remains readable without JavaScript (1.6s)
  ✓   36 [desktop] › tests/part-iii.browser.ts:94:31 › zh-hans: all Part III evidence remains readable without JavaScript (1.5s)
  ✓   37 [desktop] › tests/part-iv.browser.ts:12:3 › en/ch-15: Part IV static mechanisms and milestone evidence (2.3s)
  ✓   38 [desktop] › tests/part-iv.browser.ts:12:3 › en/ch-16: Part IV static mechanisms and milestone evidence (2.5s)
  ✓   39 [desktop] › tests/part-iv.browser.ts:12:3 › en/ch-17: Part IV static mechanisms and milestone evidence (2.3s)
  ✓   40 [desktop] › tests/part-iv.browser.ts:12:3 › en/ch-18: Part IV static mechanisms and milestone evidence (1.6s)
  ✓   41 [desktop] › tests/part-iv.browser.ts:12:3 › en/ch-19: Part IV static mechanisms and milestone evidence (1.9s)
  ✓   42 [desktop] › tests/part-iv.browser.ts:12:3 › en/ch-20: Part IV static mechanisms and milestone evidence (2.2s)
  ✓   43 [desktop] › tests/part-iv.browser.ts:12:3 › en/ch-21: Part IV static mechanisms and milestone evidence (2.2s)
  ✓   44 [desktop] › tests/part-iv.browser.ts:12:3 › zh-hans/ch-15: Part IV static mechanisms and milestone evidence (2.3s)
  ✓   45 [desktop] › tests/part-iv.browser.ts:12:3 › zh-hans/ch-16: Part IV static mechanisms and milestone evidence (2.6s)
  ✓   46 [desktop] › tests/part-iv.browser.ts:12:3 › zh-hans/ch-17: Part IV static mechanisms and milestone evidence (2.3s)
  ✓   47 [desktop] › tests/part-iv.browser.ts:12:3 › zh-hans/ch-18: Part IV static mechanisms and milestone evidence (1.6s)
  ✓   48 [desktop] › tests/part-iv.browser.ts:12:3 › zh-hans/ch-19: Part IV static mechanisms and milestone evidence (1.9s)
  ✓   49 [desktop] › tests/part-iv.browser.ts:12:3 › zh-hans/ch-20: Part IV static mechanisms and milestone evidence (2.2s)
  ✓   50 [desktop] › tests/part-iv.browser.ts:12:3 › zh-hans/ch-21: Part IV static mechanisms and milestone evidence (2.3s)
  ✓   51 [desktop] › tests/part-iv.browser.ts:95:31 › en: all Part IV evidence without JavaScript (2.6s)
  ✓   52 [desktop] › tests/part-iv.browser.ts:95:31 › zh-hans: all Part IV evidence without JavaScript (2.6s)
  ✓   53 [desktop] › tests/part-v.browser.ts:12:3 › en/ch-22: Part V static mechanisms and milestone evidence (1.7s)
  ✓   54 [desktop] › tests/part-v.browser.ts:12:3 › en/ch-23: Part V static mechanisms and milestone evidence (1.6s)
  ✓   55 [desktop] › tests/part-v.browser.ts:12:3 › en/ch-24: Part V static mechanisms and milestone evidence (2.0s)
  ✓   56 [desktop] › tests/part-v.browser.ts:12:3 › en/ch-25: Part V static mechanisms and milestone evidence (2.1s)
  ✓   57 [desktop] › tests/part-v.browser.ts:12:3 › en/ch-26: Part V static mechanisms and milestone evidence (2.0s)
  ✓   58 [desktop] › tests/part-v.browser.ts:12:3 › en/ch-27: Part V static mechanisms and milestone evidence (1.9s)
  ✓   59 [desktop] › tests/part-v.browser.ts:12:3 › en/ch-28: Part V static mechanisms and milestone evidence (1.9s)
  ✓   60 [desktop] › tests/part-v.browser.ts:12:3 › en/ch-29: Part V static mechanisms and milestone evidence (2.0s)
  ✓   61 [desktop] › tests/part-v.browser.ts:12:3 › en/ch-30: Part V static mechanisms and milestone evidence (2.0s)
  ✓   62 [desktop] › tests/part-v.browser.ts:12:3 › en/ch-31: Part V static mechanisms and milestone evidence (1.9s)
  ✓   63 [desktop] › tests/part-v.browser.ts:12:3 › en/ch-32: Part V static mechanisms and milestone evidence (1.7s)
  ✓   64 [desktop] › tests/part-v.browser.ts:12:3 › en/ch-33: Part V static mechanisms and milestone evidence (2.0s)
  ✓   65 [desktop] › tests/part-v.browser.ts:12:3 › zh-hans/ch-22: Part V static mechanisms and milestone evidence (1.7s)
  ✓   66 [desktop] › tests/part-v.browser.ts:12:3 › zh-hans/ch-23: Part V static mechanisms and milestone evidence (1.7s)
  ✓   67 [desktop] › tests/part-v.browser.ts:12:3 › zh-hans/ch-24: Part V static mechanisms and milestone evidence (2.0s)
  ✓   68 [desktop] › tests/part-v.browser.ts:12:3 › zh-hans/ch-25: Part V static mechanisms and milestone evidence (2.1s)
  ✓   69 [desktop] › tests/part-v.browser.ts:12:3 › zh-hans/ch-26: Part V static mechanisms and milestone evidence (2.0s)
  ✓   70 [desktop] › tests/part-v.browser.ts:12:3 › zh-hans/ch-27: Part V static mechanisms and milestone evidence (1.8s)
  ✓   71 [desktop] › tests/part-v.browser.ts:12:3 › zh-hans/ch-28: Part V static mechanisms and milestone evidence (1.9s)
  ✓   72 [desktop] › tests/part-v.browser.ts:12:3 › zh-hans/ch-29: Part V static mechanisms and milestone evidence (2.0s)
  ✓   73 [desktop] › tests/part-v.browser.ts:12:3 › zh-hans/ch-30: Part V static mechanisms and milestone evidence (2.1s)
  ✓   74 [desktop] › tests/part-v.browser.ts:12:3 › zh-hans/ch-31: Part V static mechanisms and milestone evidence (1.8s)
  ✓   75 [desktop] › tests/part-v.browser.ts:12:3 › zh-hans/ch-32: Part V static mechanisms and milestone evidence (1.7s)
  ✓   76 [desktop] › tests/part-v.browser.ts:12:3 › zh-hans/ch-33: Part V static mechanisms and milestone evidence (2.0s)
  ✓   77 [desktop] › tests/part-v.browser.ts:90:31 › en: all Part V evidence without JavaScript (4.5s)
  ✓   78 [desktop] › tests/part-v.browser.ts:90:31 › zh-hans: all Part V evidence without JavaScript (4.5s)
(node:57644) Warning: The 'NO_COLOR' env is ignored due to the 'FORCE_COLOR' env being set.
(Use `node --trace-warnings ...` to show where the warning was created)
  ✓   79 [mobile] › tests/part-i.browser.ts:8:3 › en/ch-01: complete static textbook and localized navigation (1.5s)
  ✓   80 [mobile] › tests/part-i.browser.ts:8:3 › en/ch-02: complete static textbook and localized navigation (1.6s)
  ✓   81 [mobile] › tests/part-i.browser.ts:8:3 › en/ch-03: complete static textbook and localized navigation (1.7s)
  ✓   82 [mobile] › tests/part-i.browser.ts:8:3 › en/ch-04: complete static textbook and localized navigation (1.6s)
  ✓   83 [mobile] › tests/part-i.browser.ts:8:3 › zh-hans/ch-01: complete static textbook and localized navigation (1.4s)
  ✓   84 [mobile] › tests/part-i.browser.ts:8:3 › zh-hans/ch-02: complete static textbook and localized navigation (1.5s)
  ✓   85 [mobile] › tests/part-i.browser.ts:8:3 › zh-hans/ch-03: complete static textbook and localized navigation (1.6s)
  ✓   86 [mobile] › tests/part-i.browser.ts:8:3 › zh-hans/ch-04: complete static textbook and localized navigation (1.7s)
  ✓   87 [mobile] › tests/part-i.browser.ts:79:40 › en: every chapter and solution is available without JavaScript (809ms)
  ✓   88 [mobile] › tests/part-i.browser.ts:79:40 › zh-hans: every chapter and solution is available without JavaScript (777ms)
  ✓   89 [mobile] › tests/part-ii.browser.ts:10:3 › en/ch-05: Part II static evidence, navigation and responsive figures (2.2s)
  ✓   90 [mobile] › tests/part-ii.browser.ts:10:3 › en/ch-06: Part II static evidence, navigation and responsive figures (2.3s)
  ✓   91 [mobile] › tests/part-ii.browser.ts:10:3 › en/ch-07: Part II static evidence, navigation and responsive figures (2.6s)
  ✓   92 [mobile] › tests/part-ii.browser.ts:10:3 › en/ch-08: Part II static evidence, navigation and responsive figures (1.8s)
  ✓   93 [mobile] › tests/part-ii.browser.ts:10:3 › en/ch-09: Part II static evidence, navigation and responsive figures (2.1s)
  ✓   94 [mobile] › tests/part-ii.browser.ts:10:3 › en/ch-10: Part II static evidence, navigation and responsive figures (2.5s)
  ✓   95 [mobile] › tests/part-ii.browser.ts:10:3 › en/primer-py: Part II static evidence, navigation and responsive figures (1.5s)
  ✓   96 [mobile] › tests/part-ii.browser.ts:10:3 › zh-hans/ch-05: Part II static evidence, navigation and responsive figures (2.2s)
  ✓   97 [mobile] › tests/part-ii.browser.ts:10:3 › zh-hans/ch-06: Part II static evidence, navigation and responsive figures (2.3s)
  ✓   98 [mobile] › tests/part-ii.browser.ts:10:3 › zh-hans/ch-07: Part II static evidence, navigation and responsive figures (2.6s)
  ✓   99 [mobile] › tests/part-ii.browser.ts:10:3 › zh-hans/ch-08: Part II static evidence, navigation and responsive figures (1.8s)
  ✓  100 [mobile] › tests/part-ii.browser.ts:10:3 › zh-hans/ch-09: Part II static evidence, navigation and responsive figures (2.1s)
  ✓  101 [mobile] › tests/part-ii.browser.ts:10:3 › zh-hans/ch-10: Part II static evidence, navigation and responsive figures (2.5s)
  ✓  102 [mobile] › tests/part-ii.browser.ts:10:3 › zh-hans/primer-py: Part II static evidence, navigation and responsive figures (1.5s)
  ✓  103 [mobile] › tests/part-ii.browser.ts:83:41 › en: Part II and primer remain complete with JavaScript disabled (2.2s)
  ✓  104 [mobile] › tests/part-ii.browser.ts:83:41 › zh-hans: Part II and primer remain complete with JavaScript disabled (2.2s)
  ✓  105 [mobile] › tests/part-iii.browser.ts:12:3 › en/ch-11: Part III numerical evidence and readable static figures (2.7s)
  ✓  106 [mobile] › tests/part-iii.browser.ts:12:3 › en/ch-12: Part III numerical evidence and readable static figures (3.6s)
  ✓  107 [mobile] › tests/part-iii.browser.ts:12:3 › en/ch-13: Part III numerical evidence and readable static figures (2.8s)
  ✓  108 [mobile] › tests/part-iii.browser.ts:12:3 › en/ch-14: Part III numerical evidence and readable static figures (3.5s)
  ✓  109 [mobile] › tests/part-iii.browser.ts:12:3 › zh-hans/ch-11: Part III numerical evidence and readable static figures (2.5s)
  ✓  110 [mobile] › tests/part-iii.browser.ts:12:3 › zh-hans/ch-12: Part III numerical evidence and readable static figures (3.4s)
  ✓  111 [mobile] › tests/part-iii.browser.ts:12:3 › zh-hans/ch-13: Part III numerical evidence and readable static figures (2.6s)
  ✓  112 [mobile] › tests/part-iii.browser.ts:12:3 › zh-hans/ch-14: Part III numerical evidence and readable static figures (3.0s)
  ✓  113 [mobile] › tests/part-iii.browser.ts:94:31 › en: all Part III evidence remains readable without JavaScript (1.5s)
  ✓  114 [mobile] › tests/part-iii.browser.ts:94:31 › zh-hans: all Part III evidence remains readable without JavaScript (1.5s)
  ✓  115 [mobile] › tests/part-iv.browser.ts:12:3 › en/ch-15: Part IV static mechanisms and milestone evidence (2.7s)
  ✓  116 [mobile] › tests/part-iv.browser.ts:12:3 › en/ch-16: Part IV static mechanisms and milestone evidence (3.0s)
  ✓  117 [mobile] › tests/part-iv.browser.ts:12:3 › en/ch-17: Part IV static mechanisms and milestone evidence (2.7s)
  ✓  118 [mobile] › tests/part-iv.browser.ts:12:3 › en/ch-18: Part IV static mechanisms and milestone evidence (1.8s)
  ✓  119 [mobile] › tests/part-iv.browser.ts:12:3 › en/ch-19: Part IV static mechanisms and milestone evidence (2.0s)
  ✓  120 [mobile] › tests/part-iv.browser.ts:12:3 › en/ch-20: Part IV static mechanisms and milestone evidence (2.4s)
  ✓  121 [mobile] › tests/part-iv.browser.ts:12:3 › en/ch-21: Part IV static mechanisms and milestone evidence (2.5s)
  ✓  122 [mobile] › tests/part-iv.browser.ts:12:3 › zh-hans/ch-15: Part IV static mechanisms and milestone evidence (2.7s)
  ✓  123 [mobile] › tests/part-iv.browser.ts:12:3 › zh-hans/ch-16: Part IV static mechanisms and milestone evidence (2.9s)
  ✓  124 [mobile] › tests/part-iv.browser.ts:12:3 › zh-hans/ch-17: Part IV static mechanisms and milestone evidence (2.7s)
  ✓  125 [mobile] › tests/part-iv.browser.ts:12:3 › zh-hans/ch-18: Part IV static mechanisms and milestone evidence (1.6s)
  ✓  126 [mobile] › tests/part-iv.browser.ts:12:3 › zh-hans/ch-19: Part IV static mechanisms and milestone evidence (2.0s)
  ✓  127 [mobile] › tests/part-iv.browser.ts:12:3 › zh-hans/ch-20: Part IV static mechanisms and milestone evidence (2.4s)
  ✓  128 [mobile] › tests/part-iv.browser.ts:12:3 › zh-hans/ch-21: Part IV static mechanisms and milestone evidence (2.4s)
  ✓  129 [mobile] › tests/part-iv.browser.ts:95:31 › en: all Part IV evidence without JavaScript (2.5s)
  ✓  130 [mobile] › tests/part-iv.browser.ts:95:31 › zh-hans: all Part IV evidence without JavaScript (2.5s)
  ✓  131 [mobile] › tests/part-v.browser.ts:12:3 › en/ch-22: Part V static mechanisms and milestone evidence (1.7s)
  ✓  132 [mobile] › tests/part-v.browser.ts:12:3 › en/ch-23: Part V static mechanisms and milestone evidence (1.8s)
  ✓  133 [mobile] › tests/part-v.browser.ts:12:3 › en/ch-24: Part V static mechanisms and milestone evidence (2.2s)
  ✓  134 [mobile] › tests/part-v.browser.ts:12:3 › en/ch-25: Part V static mechanisms and milestone evidence (2.3s)
  ✓  135 [mobile] › tests/part-v.browser.ts:12:3 › en/ch-26: Part V static mechanisms and milestone evidence (2.3s)
  ✓  136 [mobile] › tests/part-v.browser.ts:12:3 › en/ch-27: Part V static mechanisms and milestone evidence (2.0s)
  ✓  137 [mobile] › tests/part-v.browser.ts:12:3 › en/ch-28: Part V static mechanisms and milestone evidence (2.0s)
  ✓  138 [mobile] › tests/part-v.browser.ts:12:3 › en/ch-29: Part V static mechanisms and milestone evidence (2.1s)
  ✓  139 [mobile] › tests/part-v.browser.ts:12:3 › en/ch-30: Part V static mechanisms and milestone evidence (2.1s)
  ✓  140 [mobile] › tests/part-v.browser.ts:12:3 › en/ch-31: Part V static mechanisms and milestone evidence (2.0s)
  ✓  141 [mobile] › tests/part-v.browser.ts:12:3 › en/ch-32: Part V static mechanisms and milestone evidence (1.8s)
  ✓  142 [mobile] › tests/part-v.browser.ts:12:3 › en/ch-33: Part V static mechanisms and milestone evidence (2.4s)
  ✓  143 [mobile] › tests/part-v.browser.ts:12:3 › zh-hans/ch-22: Part V static mechanisms and milestone evidence (1.7s)
  ✓  144 [mobile] › tests/part-v.browser.ts:12:3 › zh-hans/ch-23: Part V static mechanisms and milestone evidence (1.7s)
  ✓  145 [mobile] › tests/part-v.browser.ts:12:3 › zh-hans/ch-24: Part V static mechanisms and milestone evidence (2.0s)
  ✓  146 [mobile] › tests/part-v.browser.ts:12:3 › zh-hans/ch-25: Part V static mechanisms and milestone evidence (2.2s)
  ✓  147 [mobile] › tests/part-v.browser.ts:12:3 › zh-hans/ch-26: Part V static mechanisms and milestone evidence (2.1s)
  ✓  148 [mobile] › tests/part-v.browser.ts:12:3 › zh-hans/ch-27: Part V static mechanisms and milestone evidence (1.9s)
  ✓  149 [mobile] › tests/part-v.browser.ts:12:3 › zh-hans/ch-28: Part V static mechanisms and milestone evidence (1.9s)
  ✓  150 [mobile] › tests/part-v.browser.ts:12:3 › zh-hans/ch-29: Part V static mechanisms and milestone evidence (2.1s)
  ✓  151 [mobile] › tests/part-v.browser.ts:12:3 › zh-hans/ch-30: Part V static mechanisms and milestone evidence (2.0s)
  ✓  152 [mobile] › tests/part-v.browser.ts:12:3 › zh-hans/ch-31: Part V static mechanisms and milestone evidence (1.8s)
  ✓  153 [mobile] › tests/part-v.browser.ts:12:3 › zh-hans/ch-32: Part V static mechanisms and milestone evidence (1.6s)
  ✓  154 [mobile] › tests/part-v.browser.ts:12:3 › zh-hans/ch-33: Part V static mechanisms and milestone evidence (2.1s)
  ✓  155 [mobile] › tests/part-v.browser.ts:90:31 › en: all Part V evidence without JavaScript (4.4s)
  ✓  156 [mobile] › tests/part-v.browser.ts:90:31 › zh-hans: all Part V evidence without JavaScript (4.4s)

  156 passed (5.6m)
