$ playwright test tests/part-v.browser.ts

Running 52 tests using 1 worker

(node:61041) Warning: The 'NO_COLOR' env is ignored due to the 'FORCE_COLOR' env being set.
(Use `node --trace-warnings ...` to show where the warning was created)
  ✓   1 [desktop] › tests/part-v.browser.ts:12:3 › en/ch-22: Part V static mechanisms and milestone evidence (1.9s)
  ✓   2 [desktop] › tests/part-v.browser.ts:12:3 › en/ch-23: Part V static mechanisms and milestone evidence (1.7s)
  ✓   3 [desktop] › tests/part-v.browser.ts:12:3 › en/ch-24: Part V static mechanisms and milestone evidence (2.0s)
  ✓   4 [desktop] › tests/part-v.browser.ts:12:3 › en/ch-25: Part V static mechanisms and milestone evidence (2.1s)
  ✓   5 [desktop] › tests/part-v.browser.ts:12:3 › en/ch-26: Part V static mechanisms and milestone evidence (2.0s)
  ✓   6 [desktop] › tests/part-v.browser.ts:12:3 › en/ch-27: Part V static mechanisms and milestone evidence (1.9s)
  ✓   7 [desktop] › tests/part-v.browser.ts:12:3 › en/ch-28: Part V static mechanisms and milestone evidence (1.9s)
  ✓   8 [desktop] › tests/part-v.browser.ts:12:3 › en/ch-29: Part V static mechanisms and milestone evidence (2.0s)
  ✓   9 [desktop] › tests/part-v.browser.ts:12:3 › en/ch-30: Part V static mechanisms and milestone evidence (2.0s)
  ✓  10 [desktop] › tests/part-v.browser.ts:12:3 › en/ch-31: Part V static mechanisms and milestone evidence (1.9s)
  ✓  11 [desktop] › tests/part-v.browser.ts:12:3 › en/ch-32: Part V static mechanisms and milestone evidence (1.7s)
  ✓  12 [desktop] › tests/part-v.browser.ts:12:3 › en/ch-33: Part V static mechanisms and milestone evidence (2.1s)
  ✓  13 [desktop] › tests/part-v.browser.ts:12:3 › zh-hans/ch-22: Part V static mechanisms and milestone evidence (1.8s)
  ✓  14 [desktop] › tests/part-v.browser.ts:12:3 › zh-hans/ch-23: Part V static mechanisms and milestone evidence (1.8s)
  ✓  15 [desktop] › tests/part-v.browser.ts:12:3 › zh-hans/ch-24: Part V static mechanisms and milestone evidence (2.0s)
  ✓  16 [desktop] › tests/part-v.browser.ts:12:3 › zh-hans/ch-25: Part V static mechanisms and milestone evidence (2.1s)
  ✓  17 [desktop] › tests/part-v.browser.ts:12:3 › zh-hans/ch-26: Part V static mechanisms and milestone evidence (2.0s)
  ✓  18 [desktop] › tests/part-v.browser.ts:12:3 › zh-hans/ch-27: Part V static mechanisms and milestone evidence (1.9s)
  ✓  19 [desktop] › tests/part-v.browser.ts:12:3 › zh-hans/ch-28: Part V static mechanisms and milestone evidence (1.9s)
  ✓  20 [desktop] › tests/part-v.browser.ts:12:3 › zh-hans/ch-29: Part V static mechanisms and milestone evidence (2.0s)
  ✓  21 [desktop] › tests/part-v.browser.ts:12:3 › zh-hans/ch-30: Part V static mechanisms and milestone evidence (2.1s)
  ✓  22 [desktop] › tests/part-v.browser.ts:12:3 › zh-hans/ch-31: Part V static mechanisms and milestone evidence (1.9s)
  ✓  23 [desktop] › tests/part-v.browser.ts:12:3 › zh-hans/ch-32: Part V static mechanisms and milestone evidence (1.7s)
  ✓  24 [desktop] › tests/part-v.browser.ts:12:3 › zh-hans/ch-33: Part V static mechanisms and milestone evidence (2.0s)
  ✓  25 [desktop] › tests/part-v.browser.ts:98:31 › en: all Part V evidence without JavaScript (4.4s)
  ✓  26 [desktop] › tests/part-v.browser.ts:98:31 › zh-hans: all Part V evidence without JavaScript (4.4s)
(node:61661) Warning: The 'NO_COLOR' env is ignored due to the 'FORCE_COLOR' env being set.
(Use `node --trace-warnings ...` to show where the warning was created)
  ✓  27 [mobile] › tests/part-v.browser.ts:12:3 › en/ch-22: Part V static mechanisms and milestone evidence (1.9s)
  ✓  28 [mobile] › tests/part-v.browser.ts:12:3 › en/ch-23: Part V static mechanisms and milestone evidence (1.8s)
  ✓  29 [mobile] › tests/part-v.browser.ts:12:3 › en/ch-24: Part V static mechanisms and milestone evidence (2.2s)
  ✓  30 [mobile] › tests/part-v.browser.ts:12:3 › en/ch-25: Part V static mechanisms and milestone evidence (2.3s)
  ✓  31 [mobile] › tests/part-v.browser.ts:12:3 › en/ch-26: Part V static mechanisms and milestone evidence (2.4s)
  ✓  32 [mobile] › tests/part-v.browser.ts:12:3 › en/ch-27: Part V static mechanisms and milestone evidence (2.0s)
  ✓  33 [mobile] › tests/part-v.browser.ts:12:3 › en/ch-28: Part V static mechanisms and milestone evidence (2.0s)
  ✓  34 [mobile] › tests/part-v.browser.ts:12:3 › en/ch-29: Part V static mechanisms and milestone evidence (2.2s)
  ✓  35 [mobile] › tests/part-v.browser.ts:12:3 › en/ch-30: Part V static mechanisms and milestone evidence (2.2s)
  ✓  36 [mobile] › tests/part-v.browser.ts:12:3 › en/ch-31: Part V static mechanisms and milestone evidence (2.1s)
  ✓  37 [mobile] › tests/part-v.browser.ts:12:3 › en/ch-32: Part V static mechanisms and milestone evidence (1.9s)
  ✓  38 [mobile] › tests/part-v.browser.ts:12:3 › en/ch-33: Part V static mechanisms and milestone evidence (2.4s)
  ✓  39 [mobile] › tests/part-v.browser.ts:12:3 › zh-hans/ch-22: Part V static mechanisms and milestone evidence (1.7s)
  ✓  40 [mobile] › tests/part-v.browser.ts:12:3 › zh-hans/ch-23: Part V static mechanisms and milestone evidence (1.7s)
  ✓  41 [mobile] › tests/part-v.browser.ts:12:3 › zh-hans/ch-24: Part V static mechanisms and milestone evidence (2.0s)
  ✓  42 [mobile] › tests/part-v.browser.ts:12:3 › zh-hans/ch-25: Part V static mechanisms and milestone evidence (2.3s)
  ✓  43 [mobile] › tests/part-v.browser.ts:12:3 › zh-hans/ch-26: Part V static mechanisms and milestone evidence (2.1s)
  ✓  44 [mobile] › tests/part-v.browser.ts:12:3 › zh-hans/ch-27: Part V static mechanisms and milestone evidence (2.0s)
  ✓  45 [mobile] › tests/part-v.browser.ts:12:3 › zh-hans/ch-28: Part V static mechanisms and milestone evidence (2.0s)
  ✓  46 [mobile] › tests/part-v.browser.ts:12:3 › zh-hans/ch-29: Part V static mechanisms and milestone evidence (2.1s)
  ✓  47 [mobile] › tests/part-v.browser.ts:12:3 › zh-hans/ch-30: Part V static mechanisms and milestone evidence (2.1s)
  ✓  48 [mobile] › tests/part-v.browser.ts:12:3 › zh-hans/ch-31: Part V static mechanisms and milestone evidence (1.9s)
  ✓  49 [mobile] › tests/part-v.browser.ts:12:3 › zh-hans/ch-32: Part V static mechanisms and milestone evidence (1.7s)
  ✓  50 [mobile] › tests/part-v.browser.ts:12:3 › zh-hans/ch-33: Part V static mechanisms and milestone evidence (2.1s)
  ✓  51 [mobile] › tests/part-v.browser.ts:98:31 › en: all Part V evidence without JavaScript (4.3s)
  ✓  52 [mobile] › tests/part-v.browser.ts:98:31 › zh-hans: all Part V evidence without JavaScript (4.3s)

  52 passed (1.9m)
